[2026-08-15T14:28:32.751Z][INFO] Command-line: 'C:\\Program Files\\Unity\\Hub\\Editor\\6000.5.7f1\\Editor\\Data\\Resources\\PackageManager\\Server\\UnityPackageManager.exe' server -s 16408 --ipc-path Unity-Upm-16408 -l 2 --log-file 'D:\\Grid Fighter\\Grid Fighter/Logs/upm.log'
[2026-08-15T14:28:32.817Z][INFO] IPC server started (IPC path=Unity-Upm-16408).
[2026-08-15T14:28:32.818Z][INFO] Hint: To connect to this UPM instance, launch Unity with the command-line parameter -upmIpcPath Upm-16408.
[2026-08-15T14:28:48.599Z][INFO] project:list-packages <-- Request received
params: {}
[2026-08-15T14:28:48.799Z][INFO] project:list-packages <-- Request received
params: {}
[2026-08-15T14:28:48.848Z][INFO] config:project:get-registries <-- Request received
params: {}
[2026-08-15T14:28:49.433Z][INFO] config:project:get-registries --> 200 (585 ms)
[2026-08-15T14:28:49.732Z][WARN] Package [com.cysharp.messagepipe.vcontainer] has a non-valid signature — status: Unsigned, reason: .signature file could not be located in the package, errorCode: ERR_LEGACY_SIGNATURE_FILE_NOT_FOUND
[2026-08-15T14:28:49.732Z][WARN] Package [jp.hadashikick.vcontainer] has a non-valid signature — status: Unsigned, reason: .signature file could not be located in the package, errorCode: ERR_LEGACY_SIGNATURE_FILE_NOT_FOUND
[2026-08-15T14:28:49.753Z][INFO] project:list-packages --> 200 (1154 ms)
[2026-08-15T14:28:49.827Z][WARN] Package [com.cysharp.messagepipe.vcontainer] has a non-valid signature — status: Unsigned, reason: .signature file could not be located in the package, errorCode: ERR_LEGACY_SIGNATURE_FILE_NOT_FOUND
[2026-08-15T14:28:49.834Z][WARN] Package [jp.hadashikick.vcontainer] has a non-valid signature — status: Unsigned, reason: .signature file could not be located in the package, errorCode: ERR_LEGACY_SIGNATURE_FILE_NOT_FOUND
[2026-08-15T14:28:49.868Z][INFO] project:list-packages --> 200 (1069 ms)
[2026-08-15T14:28:57.860Z][INFO] project:list-packages <-- Request received
params: {}
[2026-08-15T14:28:57.925Z][INFO] project:list-packages <-- Request received
params: {}
[2026-08-15T14:28:58.498Z][WARN] Package [com.cysharp.messagepipe.vcontainer] has a non-valid signature — status: Unsigned, reason: .signature file could not be located in the package, errorCode: ERR_LEGACY_SIGNATURE_FILE_NOT_FOUND
[2026-08-15T14:28:58.503Z][WARN] Package [jp.hadashikick.vcontainer] has a non-valid signature — status: Unsigned, reason: .signature file could not be located in the package, errorCode: ERR_LEGACY_SIGNATURE_FILE_NOT_FOUND
[2026-08-15T14:28:58.512Z][INFO] project:list-packages --> 200 (652 ms)
[2026-08-15T14:28:58.575Z][WARN] Package [com.cysharp.messagepipe.vcontainer] has a non-valid signature — status: Unsigned, reason: .signature file could not be located in the package, errorCode: ERR_LEGACY_SIGNATURE_FILE_NOT_FOUND
[2026-08-15T14:28:58.578Z][WARN] Package [jp.hadashikick.vcontainer] has a non-valid signature — status: Unsigned, reason: .signature file could not be located in the package, errorCode: ERR_LEGACY_SIGNATURE_FILE_NOT_FOUND
[2026-08-15T14:28:58.597Z][INFO] project:list-packages --> 200 (672 ms)
[2026-08-15T14:29:02.864Z][INFO] project:list-packages <-- Request received
params: {}
[2026-08-15T14:29:03.975Z][WARN] Package [jp.hadashikick.vcontainer] has a non-valid signature — status: Unsigned, reason: .signature file could not be located in the package, errorCode: ERR_LEGACY_SIGNATURE_FILE_NOT_FOUND
[2026-08-15T14:29:03.990Z][WARN] Package [com.cysharp.messagepipe.vcontainer] has a non-valid signature — status: Unsigned, reason: .signature file could not be located in the package, errorCode: ERR_LEGACY_SIGNATURE_FILE_NOT_FOUND
[2026-08-15T14:29:04.015Z][INFO] project:list-packages --> 200 (1150 ms)
[2026-08-15T14:29:05.092Z][INFO] config:project:get-registries <-- Request received
params: {}
[2026-08-15T14:29:05.103Z][INFO] config:project:get-registries --> 200 (10 ms)
[2026-08-15T14:29:12.429Z][INFO] project:list-packages <-- Request received
params: {}
[2026-08-15T14:29:12.849Z][WARN] Package [com.cysharp.messagepipe.vcontainer] has a non-valid signature — status: Unsigned, reason: .signature file could not be located in the package, errorCode: ERR_LEGACY_SIGNATURE_FILE_NOT_FOUND
[2026-08-15T14:29:12.849Z][WARN] Package [jp.hadashikick.vcontainer] has a non-valid signature — status: Unsigned, reason: .signature file could not be located in the package, errorCode: ERR_LEGACY_SIGNATURE_FILE_NOT_FOUND
[2026-08-15T14:29:12.859Z][INFO] project:list-packages --> 200 (430 ms)
[2026-08-15T14:29:17.634Z][INFO] project:list-packages <-- Request received
params: {}
[2026-08-15T14:29:20.092Z][WARN] Package [com.cysharp.messagepipe.vcontainer] has a non-valid signature — status: Unsigned, reason: .signature file could not be located in the package, errorCode: ERR_LEGACY_SIGNATURE_FILE_NOT_FOUND
[2026-08-15T14:29:20.092Z][WARN] Package [jp.hadashikick.vcontainer] has a non-valid signature — status: Unsigned, reason: .signature file could not be located in the package, errorCode: ERR_LEGACY_SIGNATURE_FILE_NOT_FOUND
[2026-08-15T14:29:20.446Z][INFO] project:list-packages --> 200 (2812 ms)
[2026-08-15T14:40:50.353Z][INFO] project:list-packages <-- Request received
params: {}
[2026-08-15T14:40:50.753Z][WARN] Package [com.cysharp.messagepipe.vcontainer] has a non-valid signature — status: Unsigned, reason: .signature file could not be located in the package, errorCode: ERR_LEGACY_SIGNATURE_FILE_NOT_FOUND
[2026-08-15T14:40:50.759Z][WARN] Package [jp.hadashikick.vcontainer] has a non-valid signature — status: Unsigned, reason: .signature file could not be located in the package, errorCode: ERR_LEGACY_SIGNATURE_FILE_NOT_FOUND
[2026-08-15T14:40:50.768Z][INFO] project:list-packages --> 200 (415 ms)
[2026-08-15T14:40:50.837Z][INFO] project:list-packages <-- Request received
params: {}
[2026-08-15T14:40:51.078Z][INFO] config:project:get-registries <-- Request received
params: {}
[2026-08-15T14:40:51.098Z][INFO] config:project:get-registries --> 200 (20 ms)
[2026-08-15T14:40:51.283Z][WARN] Package [com.cysharp.messagepipe.vcontainer] has a non-valid signature — status: Unsigned, reason: .signature file could not be located in the package, errorCode: ERR_LEGACY_SIGNATURE_FILE_NOT_FOUND
[2026-08-15T14:40:51.290Z][WARN] Package [jp.hadashikick.vcontainer] has a non-valid signature — status: Unsigned, reason: .signature file could not be located in the package, errorCode: ERR_LEGACY_SIGNATURE_FILE_NOT_FOUND
[2026-08-15T14:40:51.300Z][INFO] project:list-packages --> 200 (463 ms)
[2026-08-15T14:41:17.783Z][INFO] project:list-packages <-- Request received
params: {}
[2026-08-15T14:41:18.361Z][WARN] Package [com.cysharp.messagepipe.vcontainer] has a non-valid signature — status: Unsigned, reason: .signature file could not be located in the package, errorCode: ERR_LEGACY_SIGNATURE_FILE_NOT_FOUND
[2026-08-15T14:41:18.368Z][WARN] Package [jp.hadashikick.vcontainer] has a non-valid signature — status: Unsigned, reason: .signature file could not be located in the package, errorCode: ERR_LEGACY_SIGNATURE_FILE_NOT_FOUND
[2026-08-15T14:41:18.380Z][INFO] project:list-packages --> 200 (597 ms)
[2026-08-15T14:41:18.384Z][INFO] project:list-packages <-- Request received
params: {}
[2026-08-15T14:41:18.721Z][INFO] config:project:get-registries <-- Request received
params: {}
[2026-08-15T14:41:18.744Z][INFO] config:project:get-registries --> 200 (23 ms)
[2026-08-15T14:41:19.071Z][WARN] Package [com.cysharp.messagepipe.vcontainer] has a non-valid signature — status: Unsigned, reason: .signature file could not be located in the package, errorCode: ERR_LEGACY_SIGNATURE_FILE_NOT_FOUND
[2026-08-15T14:41:19.091Z][WARN] Package [jp.hadashikick.vcontainer] has a non-valid signature — status: Unsigned, reason: .signature file could not be located in the package, errorCode: ERR_LEGACY_SIGNATURE_FILE_NOT_FOUND
[2026-08-15T14:41:19.111Z][INFO] project:list-packages --> 200 (727 ms)
[2026-08-15T14:42:46.723Z][INFO] project:list-packages <-- Request received
params: {}
[2026-08-15T14:42:47.085Z][WARN] Package [com.cysharp.messagepipe.vcontainer] has a non-valid signature — status: Unsigned, reason: .signature file could not be located in the package, errorCode: ERR_LEGACY_SIGNATURE_FILE_NOT_FOUND
[2026-08-15T14:42:47.085Z][WARN] Package [jp.hadashikick.vcontainer] has a non-valid signature — status: Unsigned, reason: .signature file could not be located in the package, errorCode: ERR_LEGACY_SIGNATURE_FILE_NOT_FOUND
[2026-08-15T14:42:47.097Z][INFO] project:list-packages --> 200 (374 ms)
[2026-08-15T14:42:47.210Z][INFO] project:list-packages <-- Request received
params: {}
[2026-08-15T14:42:47.504Z][INFO] config:project:get-registries <-- Request received
params: {}
[2026-08-15T14:42:47.576Z][INFO] config:project:get-registries --> 200 (72 ms)
[2026-08-15T14:42:47.720Z][WARN] Package [com.cysharp.messagepipe.vcontainer] has a non-valid signature — status: Unsigned, reason: .signature file could not be located in the package, errorCode: ERR_LEGACY_SIGNATURE_FILE_NOT_FOUND
[2026-08-15T14:42:47.723Z][WARN] Package [jp.hadashikick.vcontainer] has a non-valid signature — status: Unsigned, reason: .signature file could not be located in the package, errorCode: ERR_LEGACY_SIGNATURE_FILE_NOT_FOUND
[2026-08-15T14:42:47.744Z][INFO] project:list-packages --> 200 (534 ms)
[2026-08-15T14:44:41.915Z][INFO] project:list-packages <-- Request received
params: {}
[2026-08-15T14:44:42.255Z][WARN] Package [com.cysharp.messagepipe.vcontainer] has a non-valid signature — status: Unsigned, reason: .signature file could not be located in the package, errorCode: ERR_LEGACY_SIGNATURE_FILE_NOT_FOUND
[2026-08-15T14:44:42.255Z][WARN] Package [jp.hadashikick.vcontainer] has a non-valid signature — status: Unsigned, reason: .signature file could not be located in the package, errorCode: ERR_LEGACY_SIGNATURE_FILE_NOT_FOUND
[2026-08-15T14:44:42.268Z][INFO] project:list-packages --> 200 (352 ms)
[2026-08-15T14:44:42.368Z][INFO] project:list-packages <-- Request received
params: {}
[2026-08-15T14:44:42.654Z][INFO] config:project:get-registries <-- Request received
params: {}
[2026-08-15T14:44:42.722Z][INFO] config:project:get-registries --> 200 (68 ms)
[2026-08-15T14:44:42.753Z][WARN] Package [com.cysharp.messagepipe.vcontainer] has a non-valid signature — status: Unsigned, reason: .signature file could not be located in the package, errorCode: ERR_LEGACY_SIGNATURE_FILE_NOT_FOUND
[2026-08-15T14:44:42.754Z][WARN] Package [jp.hadashikick.vcontainer] has a non-valid signature — status: Unsigned, reason: .signature file could not be located in the package, errorCode: ERR_LEGACY_SIGNATURE_FILE_NOT_FOUND
[2026-08-15T14:44:42.764Z][INFO] project:list-packages --> 200 (396 ms)
[2026-08-15T14:46:21.290Z][INFO] project:list-packages <-- Request received
params: {}
[2026-08-15T14:46:21.634Z][WARN] Package [com.cysharp.messagepipe.vcontainer] has a non-valid signature — status: Unsigned, reason: .signature file could not be located in the package, errorCode: ERR_LEGACY_SIGNATURE_FILE_NOT_FOUND
[2026-08-15T14:46:21.637Z][WARN] Package [jp.hadashikick.vcontainer] has a non-valid signature — status: Unsigned, reason: .signature file could not be located in the package, errorCode: ERR_LEGACY_SIGNATURE_FILE_NOT_FOUND
[2026-08-15T14:46:21.660Z][INFO] project:list-packages --> 200 (370 ms)
[2026-08-15T14:46:21.772Z][INFO] project:list-packages <-- Request received
params: {}
[2026-08-15T14:46:22.029Z][INFO] config:project:get-registries <-- Request received
params: {}
[2026-08-15T14:46:22.045Z][INFO] config:project:get-registries --> 200 (16 ms)
[2026-08-15T14:46:22.171Z][WARN] Package [com.cysharp.messagepipe.vcontainer] has a non-valid signature — status: Unsigned, reason: .signature file could not be located in the package, errorCode: ERR_LEGACY_SIGNATURE_FILE_NOT_FOUND
[2026-08-15T14:46:22.171Z][WARN] Package [jp.hadashikick.vcontainer] has a non-valid signature — status: Unsigned, reason: .signature file could not be located in the package, errorCode: ERR_LEGACY_SIGNATURE_FILE_NOT_FOUND
[2026-08-15T14:46:22.184Z][INFO] project:list-packages --> 200 (412 ms)
[2026-08-15T14:47:05.770Z][INFO] project:list-packages <-- Request received
params: {}
[2026-08-15T14:47:06.109Z][WARN] Package [com.cysharp.messagepipe.vcontainer] has a non-valid signature — status: Unsigned, reason: .signature file could not be located in the package, errorCode: ERR_LEGACY_SIGNATURE_FILE_NOT_FOUND
[2026-08-15T14:47:06.116Z][WARN] Package [jp.hadashikick.vcontainer] has a non-valid signature — status: Unsigned, reason: .signature file could not be located in the package, errorCode: ERR_LEGACY_SIGNATURE_FILE_NOT_FOUND
[2026-08-15T14:47:06.125Z][INFO] project:list-packages --> 200 (355 ms)
[2026-08-15T14:47:06.240Z][INFO] project:list-packages <-- Request received
params: {}
[2026-08-15T14:47:06.523Z][INFO] config:project:get-registries <-- Request received
params: {}
[2026-08-15T14:47:06.599Z][INFO] config:project:get-registries --> 200 (76 ms)
[2026-08-15T14:47:06.639Z][WARN] Package [com.cysharp.messagepipe.vcontainer] has a non-valid signature — status: Unsigned, reason: .signature file could not be located in the package, errorCode: ERR_LEGACY_SIGNATURE_FILE_NOT_FOUND
[2026-08-15T14:47:06.643Z][WARN] Package [jp.hadashikick.vcontainer] has a non-valid signature — status: Unsigned, reason: .signature file could not be located in the package, errorCode: ERR_LEGACY_SIGNATURE_FILE_NOT_FOUND
[2026-08-15T14:47:06.649Z][INFO] project:list-packages --> 200 (409 ms)
[2026-08-15T14:48:17.402Z][INFO] project:list-packages <-- Request received
params: {}
[2026-08-15T14:48:17.742Z][WARN] Package [com.cysharp.messagepipe.vcontainer] has a non-valid signature — status: Unsigned, reason: .signature file could not be located in the package, errorCode: ERR_LEGACY_SIGNATURE_FILE_NOT_FOUND
[2026-08-15T14:48:17.745Z][WARN] Package [jp.hadashikick.vcontainer] has a non-valid signature — status: Unsigned, reason: .signature file could not be located in the package, errorCode: ERR_LEGACY_SIGNATURE_FILE_NOT_FOUND
[2026-08-15T14:48:17.753Z][INFO] project:list-packages --> 200 (351 ms)
[2026-08-15T14:48:17.850Z][INFO] project:list-packages <-- Request received
params: {}
[2026-08-15T14:48:18.163Z][INFO] config:project:get-registries <-- Request received
params: {}
[2026-08-15T14:48:18.222Z][INFO] config:project:get-registries --> 200 (59 ms)
[2026-08-15T14:48:18.254Z][WARN] Package [com.cysharp.messagepipe.vcontainer] has a non-valid signature — status: Unsigned, reason: .signature file could not be located in the package, errorCode: ERR_LEGACY_SIGNATURE_FILE_NOT_FOUND
[2026-08-15T14:48:18.258Z][WARN] Package [jp.hadashikick.vcontainer] has a non-valid signature — status: Unsigned, reason: .signature file could not be located in the package, errorCode: ERR_LEGACY_SIGNATURE_FILE_NOT_FOUND
[2026-08-15T14:48:18.263Z][INFO] project:list-packages --> 200 (414 ms)
[2026-08-15T14:48:43.861Z][INFO] project:list-packages <-- Request received
params: {}
[2026-08-15T14:48:44.165Z][WARN] Package [com.cysharp.messagepipe.vcontainer] has a non-valid signature — status: Unsigned, reason: .signature file could not be located in the package, errorCode: ERR_LEGACY_SIGNATURE_FILE_NOT_FOUND
[2026-08-15T14:48:44.176Z][WARN] Package [jp.hadashikick.vcontainer] has a non-valid signature — status: Unsigned, reason: .signature file could not be located in the package, errorCode: ERR_LEGACY_SIGNATURE_FILE_NOT_FOUND
[2026-08-15T14:48:44.184Z][INFO] project:list-packages --> 200 (323 ms)
[2026-08-15T14:48:44.308Z][INFO] project:list-packages <-- Request received
params: {}
[2026-08-15T14:48:44.599Z][INFO] config:project:get-registries <-- Request received
params: {}
[2026-08-15T14:48:44.618Z][INFO] config:project:get-registries --> 200 (19 ms)
[2026-08-15T14:48:44.701Z][WARN] Package [com.cysharp.messagepipe.vcontainer] has a non-valid signature — status: Unsigned, reason: .signature file could not be located in the package, errorCode: ERR_LEGACY_SIGNATURE_FILE_NOT_FOUND
[2026-08-15T14:48:44.745Z][WARN] Package [jp.hadashikick.vcontainer] has a non-valid signature — status: Unsigned, reason: .signature file could not be located in the package, errorCode: ERR_LEGACY_SIGNATURE_FILE_NOT_FOUND
[2026-08-15T14:48:44.751Z][INFO] project:list-packages --> 200 (443 ms)
[2026-08-15T14:55:11.072Z][INFO] project:list-packages <-- Request received
params: {}
[2026-08-15T14:55:11.389Z][WARN] Package [com.cysharp.messagepipe.vcontainer] has a non-valid signature — status: Unsigned, reason: .signature file could not be located in the package, errorCode: ERR_LEGACY_SIGNATURE_FILE_NOT_FOUND
[2026-08-15T14:55:11.389Z][WARN] Package [jp.hadashikick.vcontainer] has a non-valid signature — status: Unsigned, reason: .signature file could not be located in the package, errorCode: ERR_LEGACY_SIGNATURE_FILE_NOT_FOUND
[2026-08-15T14:55:11.397Z][INFO] project:list-packages --> 200 (325 ms)
[2026-08-15T14:55:11.524Z][INFO] project:list-packages <-- Request received
params: {}
[2026-08-15T14:55:11.815Z][INFO] config:project:get-registries <-- Request received
params: {}
[2026-08-15T14:55:11.873Z][INFO] config:project:get-registries --> 200 (58 ms)
[2026-08-15T14:55:11.896Z][WARN] Package [com.cysharp.messagepipe.vcontainer] has a non-valid signature — status: Unsigned, reason: .signature file could not be located in the package, errorCode: ERR_LEGACY_SIGNATURE_FILE_NOT_FOUND
[2026-08-15T14:55:11.905Z][WARN] Package [jp.hadashikick.vcontainer] has a non-valid signature — status: Unsigned, reason: .signature file could not be located in the package, errorCode: ERR_LEGACY_SIGNATURE_FILE_NOT_FOUND
[2026-08-15T14:55:11.916Z][INFO] project:list-packages --> 200 (392 ms)
[2026-08-15T14:55:31.490Z][INFO] project:list-packages <-- Request received
params: {}
[2026-08-15T14:55:31.817Z][WARN] Package [com.cysharp.messagepipe.vcontainer] has a non-valid signature — status: Unsigned, reason: .signature file could not be located in the package, errorCode: ERR_LEGACY_SIGNATURE_FILE_NOT_FOUND
[2026-08-15T14:55:31.817Z][WARN] Package [jp.hadashikick.vcontainer] has a non-valid signature — status: Unsigned, reason: .signature file could not be located in the package, errorCode: ERR_LEGACY_SIGNATURE_FILE_NOT_FOUND
[2026-08-15T14:55:31.826Z][INFO] project:list-packages --> 200 (336 ms)
[2026-08-15T14:55:31.938Z][INFO] project:list-packages <-- Request received
params: {}
[2026-08-15T14:55:32.207Z][INFO] config:project:get-registries <-- Request received
params: {}
[2026-08-15T14:55:32.267Z][INFO] config:project:get-registries --> 200 (60 ms)
[2026-08-15T14:55:32.295Z][WARN] Package [com.cysharp.messagepipe.vcontainer] has a non-valid signature — status: Unsigned, reason: .signature file could not be located in the package, errorCode: ERR_LEGACY_SIGNATURE_FILE_NOT_FOUND
[2026-08-15T14:55:32.296Z][WARN] Package [jp.hadashikick.vcontainer] has a non-valid signature — status: Unsigned, reason: .signature file could not be located in the package, errorCode: ERR_LEGACY_SIGNATURE_FILE_NOT_FOUND
[2026-08-15T14:55:32.304Z][INFO] project:list-packages --> 200 (366 ms)
[2026-08-15T14:55:54.037Z][INFO] project:list-packages <-- Request received
params: {}
[2026-08-15T14:55:54.405Z][WARN] Package [com.cysharp.messagepipe.vcontainer] has a non-valid signature — status: Unsigned, reason: .signature file could not be located in the package, errorCode: ERR_LEGACY_SIGNATURE_FILE_NOT_FOUND
[2026-08-15T14:55:54.405Z][WARN] Package [jp.hadashikick.vcontainer] has a non-valid signature — status: Unsigned, reason: .signature file could not be located in the package, errorCode: ERR_LEGACY_SIGNATURE_FILE_NOT_FOUND
[2026-08-15T14:55:54.414Z][INFO] project:list-packages --> 200 (377 ms)
[2026-08-15T14:55:54.500Z][INFO] project:list-packages <-- Request received
params: {}
[2026-08-15T14:55:54.782Z][INFO] config:project:get-registries <-- Request received
params: {}
[2026-08-15T14:55:54.836Z][INFO] config:project:get-registries --> 200 (53 ms)
[2026-08-15T14:55:54.870Z][WARN] Package [com.cysharp.messagepipe.vcontainer] has a non-valid signature — status: Unsigned, reason: .signature file could not be located in the package, errorCode: ERR_LEGACY_SIGNATURE_FILE_NOT_FOUND
[2026-08-15T14:55:54.870Z][WARN] Package [jp.hadashikick.vcontainer] has a non-valid signature — status: Unsigned, reason: .signature file could not be located in the package, errorCode: ERR_LEGACY_SIGNATURE_FILE_NOT_FOUND
[2026-08-15T14:55:54.881Z][INFO] project:list-packages --> 200 (381 ms)
[2026-08-15T15:07:03.145Z][INFO] project:list-packages <-- Request received
params: {}
[2026-08-15T15:07:03.515Z][WARN] Package [com.cysharp.messagepipe.vcontainer] has a non-valid signature — status: Unsigned, reason: .signature file could not be located in the package, errorCode: ERR_LEGACY_SIGNATURE_FILE_NOT_FOUND
[2026-08-15T15:07:03.517Z][WARN] Package [jp.hadashikick.vcontainer] has a non-valid signature — status: Unsigned, reason: .signature file could not be located in the package, errorCode: ERR_LEGACY_SIGNATURE_FILE_NOT_FOUND
[2026-08-15T15:07:03.529Z][INFO] project:list-packages --> 200 (384 ms)
[2026-08-15T15:07:03.644Z][INFO] project:list-packages <-- Request received
params: {}
[2026-08-15T15:07:03.928Z][INFO] config:project:get-registries <-- Request received
params: {}
[2026-08-15T15:07:03.991Z][INFO] config:project:get-registries --> 200 (64 ms)
[2026-08-15T15:07:04.023Z][WARN] Package [com.cysharp.messagepipe.vcontainer] has a non-valid signature — status: Unsigned, reason: .signature file could not be located in the package, errorCode: ERR_LEGACY_SIGNATURE_FILE_NOT_FOUND
[2026-08-15T15:07:04.027Z][WARN] Package [jp.hadashikick.vcontainer] has a non-valid signature — status: Unsigned, reason: .signature file could not be located in the package, errorCode: ERR_LEGACY_SIGNATURE_FILE_NOT_FOUND
[2026-08-15T15:07:04.037Z][INFO] project:list-packages --> 200 (393 ms)
[2026-08-15T15:10:21.801Z][INFO] project:list-packages <-- Request received
params: {}
[2026-08-15T15:10:22.146Z][WARN] Package [com.cysharp.messagepipe.vcontainer] has a non-valid signature — status: Unsigned, reason: .signature file could not be located in the package, errorCode: ERR_LEGACY_SIGNATURE_FILE_NOT_FOUND
[2026-08-15T15:10:22.146Z][WARN] Package [jp.hadashikick.vcontainer] has a non-valid signature — status: Unsigned, reason: .signature file could not be located in the package, errorCode: ERR_LEGACY_SIGNATURE_FILE_NOT_FOUND
[2026-08-15T15:10:22.153Z][INFO] project:list-packages --> 200 (352 ms)
[2026-08-15T15:10:22.304Z][INFO] project:list-packages <-- Request received
params: {}
[2026-08-15T15:10:22.590Z][INFO] config:project:get-registries <-- Request received
params: {}
[2026-08-15T15:10:22.651Z][INFO] config:project:get-registries --> 200 (62 ms)
[2026-08-15T15:10:22.681Z][WARN] Package [com.cysharp.messagepipe.vcontainer] has a non-valid signature — status: Unsigned, reason: .signature file could not be located in the package, errorCode: ERR_LEGACY_SIGNATURE_FILE_NOT_FOUND
[2026-08-15T15:10:22.681Z][WARN] Package [jp.hadashikick.vcontainer] has a non-valid signature — status: Unsigned, reason: .signature file could not be located in the package, errorCode: ERR_LEGACY_SIGNATURE_FILE_NOT_FOUND
[2026-08-15T15:10:22.689Z][INFO] project:list-packages --> 200 (384 ms)
[2026-08-15T15:18:43.430Z][INFO] project:list-packages <-- Request received
params: {}
[2026-08-15T15:18:43.745Z][WARN] Package [com.cysharp.messagepipe.vcontainer] has a non-valid signature — status: Unsigned, reason: .signature file could not be located in the package, errorCode: ERR_LEGACY_SIGNATURE_FILE_NOT_FOUND
[2026-08-15T15:18:43.753Z][WARN] Package [jp.hadashikick.vcontainer] has a non-valid signature — status: Unsigned, reason: .signature file could not be located in the package, errorCode: ERR_LEGACY_SIGNATURE_FILE_NOT_FOUND
[2026-08-15T15:18:43.760Z][INFO] project:list-packages --> 200 (331 ms)
[2026-08-15T15:18:43.880Z][INFO] project:list-packages <-- Request received
params: {}
[2026-08-15T15:18:44.138Z][INFO] config:project:get-registries <-- Request received
params: {}
[2026-08-15T15:18:44.194Z][INFO] config:project:get-registries --> 200 (56 ms)
[2026-08-15T15:18:44.235Z][WARN] Package [com.cysharp.messagepipe.vcontainer] has a non-valid signature — status: Unsigned, reason: .signature file could not be located in the package, errorCode: ERR_LEGACY_SIGNATURE_FILE_NOT_FOUND
[2026-08-15T15:18:44.236Z][WARN] Package [jp.hadashikick.vcontainer] has a non-valid signature — status: Unsigned, reason: .signature file could not be located in the package, errorCode: ERR_LEGACY_SIGNATURE_FILE_NOT_FOUND
[2026-08-15T15:18:44.248Z][INFO] project:list-packages --> 200 (368 ms)
[2026-08-15T15:20:24.546Z][INFO] project:list-packages <-- Request received
params: {}
[2026-08-15T15:20:24.902Z][WARN] Package [com.cysharp.messagepipe.vcontainer] has a non-valid signature — status: Unsigned, reason: .signature file could not be located in the package, errorCode: ERR_LEGACY_SIGNATURE_FILE_NOT_FOUND
[2026-08-15T15:20:24.904Z][WARN] Package [jp.hadashikick.vcontainer] has a non-valid signature — status: Unsigned, reason: .signature file could not be located in the package, errorCode: ERR_LEGACY_SIGNATURE_FILE_NOT_FOUND
[2026-08-15T15:20:24.913Z][INFO] project:list-packages --> 200 (367 ms)
[2026-08-15T15:20:25.035Z][INFO] project:list-packages <-- Request received
params: {}
[2026-08-15T15:20:25.329Z][INFO] config:project:get-registries <-- Request received
params: {}
[2026-08-15T15:20:25.388Z][INFO] config:project:get-registries --> 200 (60 ms)
[2026-08-15T15:20:25.421Z][WARN] Package [com.cysharp.messagepipe.vcontainer] has a non-valid signature — status: Unsigned, reason: .signature file could not be located in the package, errorCode: ERR_LEGACY_SIGNATURE_FILE_NOT_FOUND
[2026-08-15T15:20:25.421Z][WARN] Package [jp.hadashikick.vcontainer] has a non-valid signature — status: Unsigned, reason: .signature file could not be located in the package, errorCode: ERR_LEGACY_SIGNATURE_FILE_NOT_FOUND
[2026-08-15T15:20:25.433Z][INFO] project:list-packages --> 200 (398 ms)
[2026-08-15T15:21:31.539Z][INFO] project:list-packages <-- Request received
params: {}
[2026-08-15T15:21:31.869Z][WARN] Package [com.cysharp.messagepipe.vcontainer] has a non-valid signature — status: Unsigned, reason: .signature file could not be located in the package, errorCode: ERR_LEGACY_SIGNATURE_FILE_NOT_FOUND
[2026-08-15T15:21:31.872Z][WARN] Package [jp.hadashikick.vcontainer] has a non-valid signature — status: Unsigned, reason: .signature file could not be located in the package, errorCode: ERR_LEGACY_SIGNATURE_FILE_NOT_FOUND
[2026-08-15T15:21:31.880Z][INFO] project:list-packages --> 200 (341 ms)
[2026-08-15T15:21:32.003Z][INFO] project:list-packages <-- Request received
params: {}
[2026-08-15T15:21:32.329Z][INFO] config:project:get-registries <-- Request received
params: {}
[2026-08-15T15:21:32.388Z][INFO] config:project:get-registries --> 200 (59 ms)
[2026-08-15T15:21:32.431Z][WARN] Package [com.cysharp.messagepipe.vcontainer] has a non-valid signature — status: Unsigned, reason: .signature file could not be located in the package, errorCode: ERR_LEGACY_SIGNATURE_FILE_NOT_FOUND
[2026-08-15T15:21:32.437Z][WARN] Package [jp.hadashikick.vcontainer] has a non-valid signature — status: Unsigned, reason: .signature file could not be located in the package, errorCode: ERR_LEGACY_SIGNATURE_FILE_NOT_FOUND
[2026-08-15T15:21:32.443Z][INFO] project:list-packages --> 200 (440 ms)
[2026-08-15T15:27:32.701Z][INFO] project:list-packages <-- Request received
params: {}
[2026-08-15T15:27:33.054Z][WARN] Package [com.cysharp.messagepipe.vcontainer] has a non-valid signature — status: Unsigned, reason: .signature file could not be located in the package, errorCode: ERR_LEGACY_SIGNATURE_FILE_NOT_FOUND
[2026-08-15T15:27:33.061Z][WARN] Package [jp.hadashikick.vcontainer] has a non-valid signature — status: Unsigned, reason: .signature file could not be located in the package, errorCode: ERR_LEGACY_SIGNATURE_FILE_NOT_FOUND
[2026-08-15T15:27:33.073Z][INFO] project:list-packages --> 200 (371 ms)
[2026-08-15T15:27:33.198Z][INFO] project:list-packages <-- Request received
params: {}
[2026-08-15T15:27:33.482Z][INFO] config:project:get-registries <-- Request received
params: {}
[2026-08-15T15:27:33.546Z][INFO] config:project:get-registries --> 200 (64 ms)
[2026-08-15T15:27:33.549Z][WARN] Package [com.cysharp.messagepipe.vcontainer] has a non-valid signature — status: Unsigned, reason: .signature file could not be located in the package, errorCode: ERR_LEGACY_SIGNATURE_FILE_NOT_FOUND
[2026-08-15T15:27:33.589Z][WARN] Package [jp.hadashikick.vcontainer] has a non-valid signature — status: Unsigned, reason: .signature file could not be located in the package, errorCode: ERR_LEGACY_SIGNATURE_FILE_NOT_FOUND
[2026-08-15T15:27:33.595Z][INFO] project:list-packages --> 200 (397 ms)
[2026-08-15T15:27:43.632Z][INFO] project:list-packages <-- Request received
params: {}
[2026-08-15T15:27:43.950Z][WARN] Package [com.cysharp.messagepipe.vcontainer] has a non-valid signature — status: Unsigned, reason: .signature file could not be located in the package, errorCode: ERR_LEGACY_SIGNATURE_FILE_NOT_FOUND
[2026-08-15T15:27:43.950Z][WARN] Package [jp.hadashikick.vcontainer] has a non-valid signature — status: Unsigned, reason: .signature file could not be located in the package, errorCode: ERR_LEGACY_SIGNATURE_FILE_NOT_FOUND
[2026-08-15T15:27:43.956Z][INFO] project:list-packages --> 200 (324 ms)
[2026-08-15T15:27:44.092Z][INFO] project:list-packages <-- Request received
params: {}
[2026-08-15T15:27:44.385Z][INFO] config:project:get-registries <-- Request received
params: {}
[2026-08-15T15:27:44.439Z][INFO] config:project:get-registries --> 200 (54 ms)
[2026-08-15T15:27:44.474Z][WARN] Package [com.cysharp.messagepipe.vcontainer] has a non-valid signature — status: Unsigned, reason: .signature file could not be located in the package, errorCode: ERR_LEGACY_SIGNATURE_FILE_NOT_FOUND
[2026-08-15T15:27:44.475Z][WARN] Package [jp.hadashikick.vcontainer] has a non-valid signature — status: Unsigned, reason: .signature file could not be located in the package, errorCode: ERR_LEGACY_SIGNATURE_FILE_NOT_FOUND
[2026-08-15T15:27:44.482Z][INFO] project:list-packages --> 200 (390 ms)
[2026-08-15T15:38:04.222Z][INFO] project:list-packages <-- Request received
params: {}
[2026-08-15T15:38:04.607Z][WARN] Package [com.cysharp.messagepipe.vcontainer] has a non-valid signature — status: Unsigned, reason: .signature file could not be located in the package, errorCode: ERR_LEGACY_SIGNATURE_FILE_NOT_FOUND
[2026-08-15T15:38:04.610Z][WARN] Package [jp.hadashikick.vcontainer] has a non-valid signature — status: Unsigned, reason: .signature file could not be located in the package, errorCode: ERR_LEGACY_SIGNATURE_FILE_NOT_FOUND
[2026-08-15T15:38:04.620Z][INFO] project:list-packages --> 200 (398 ms)
[2026-08-15T15:38:04.710Z][INFO] project:list-packages <-- Request received
params: {}
[2026-08-15T15:38:05.031Z][INFO] config:project:get-registries <-- Request received
params: {}
[2026-08-15T15:38:05.080Z][INFO] config:project:get-registries --> 200 (49 ms)
[2026-08-15T15:38:05.120Z][WARN] Package [com.cysharp.messagepipe.vcontainer] has a non-valid signature — status: Unsigned, reason: .signature file could not be located in the package, errorCode: ERR_LEGACY_SIGNATURE_FILE_NOT_FOUND
[2026-08-15T15:38:05.127Z][WARN] Package [jp.hadashikick.vcontainer] has a non-valid signature — status: Unsigned, reason: .signature file could not be located in the package, errorCode: ERR_LEGACY_SIGNATURE_FILE_NOT_FOUND
[2026-08-15T15:38:05.133Z][INFO] project:list-packages --> 200 (423 ms)
[2026-08-15T15:43:52.028Z][INFO] project:list-packages <-- Request received
params: {}
[2026-08-15T15:43:52.343Z][WARN] Package [com.cysharp.messagepipe.vcontainer] has a non-valid signature — status: Unsigned, reason: .signature file could not be located in the package, errorCode: ERR_LEGACY_SIGNATURE_FILE_NOT_FOUND
[2026-08-15T15:43:52.344Z][WARN] Package [jp.hadashikick.vcontainer] has a non-valid signature — status: Unsigned, reason: .signature file could not be located in the package, errorCode: ERR_LEGACY_SIGNATURE_FILE_NOT_FOUND
[2026-08-15T15:43:52.356Z][INFO] project:list-packages --> 200 (328 ms)
[2026-08-15T15:43:52.488Z][INFO] project:list-packages <-- Request received
params: {}
[2026-08-15T15:43:52.749Z][INFO] config:project:get-registries <-- Request received
params: {}
[2026-08-15T15:43:52.812Z][INFO] config:project:get-registries --> 200 (63 ms)
[2026-08-15T15:43:52.845Z][WARN] Package [jp.hadashikick.vcontainer] has a non-valid signature — status: Unsigned, reason: .signature file could not be located in the package, errorCode: ERR_LEGACY_SIGNATURE_FILE_NOT_FOUND
[2026-08-15T15:43:52.845Z][WARN] Package [com.cysharp.messagepipe.vcontainer] has a non-valid signature — status: Unsigned, reason: .signature file could not be located in the package, errorCode: ERR_LEGACY_SIGNATURE_FILE_NOT_FOUND
[2026-08-15T15:43:52.854Z][INFO] project:list-packages --> 200 (366 ms)
